../Core/Src/main.c:91:7:activationFunction	16	static
../Core/Src/main.c:99:6:trainPerceptron	96	static
../Core/Src/main.c:145:5:main	8	static
../Core/Src/main.c:214:6:SystemClock_Config	88	static
../Core/Src/main.c:260:13:MX_ADC1_Init	32	static
../Core/Src/main.c:312:13:MX_ADC2_Init	32	static
../Core/Src/main.c:364:13:MX_TIM2_Init	64	static
../Core/Src/main.c:423:13:MX_TIM3_Init	64	static
../Core/Src/main.c:482:13:MX_GPIO_Init	16	static
../Core/Src/main.c:503:6:Error_Handler	4	static,ignoring_inline_asm
